    1  exit
    2  history > ~/history.out
    3  stat /home/user1 > ~/stat.out
    4  stat /home/user1/mycatsetuid >> ~/stat.out
    5  stat /home/user1/mychowncap >> ~/stat.out
    6  getcap /home/user1/mychowncap > ~/getcap.out
    7  find / -perm -4000 -type f 2>/dev/null > ~/setuid_files.out
    8  ps -eo pid,ruid,euid,user,comm,args --sort=pid | awk '$3==0 && $2!=0' > ~/euid_root_processes.out
    9  sudo cp /etc/passwd ~/passwd.out
   10  sudo cp /etc/group ~/group.out
   11  sudo cp /etc/sudoers ~/sudoers.out
   12  sudo cp /etc/sudoers.d/user1_time ~/user1_time.sudoers
   13  # shadow лучше не публиковать с реальными хэшами
   14  sudo awk -F: 'BEGIN{OFS=":"} {$2="x"; print}' /etc/shadow > ~/shadow.redacted.out
   15  sudo -i
   16  1234
   17  sudo -l
   18  sudo timedatectl set-ntp false
   19  sudo timedatectl set-time "2026-10-03 12:00:00"
   20  date
   21  sudo timedatectl set-ntp true
   22  exit
   23  history -a
   24  history > ~/history.out
   25  exit
   26  su - user1
   27  history -a           # сбросить буфер в файл истории
   28  history > ~/history.out
   29  exit
   30  history -a
   31  history > ~/history.out
