  Файл: /home/user1
  Размер: 4096      	Блоков: 8          Блок В/В: 4096   каталог
Устройство: 8/5	Инода: 1305601     Ссылки: 2
Доступ: (0700/drwx------)  Uid: ( 1234/   user1)   Gid: ( 1234/   user1)
Контекст: unconfined_u:object_r:user_home_dir_t:s0
Доступ:        2026-10-03 18:46:04.599261288 +0300
Модифицирован: 2026-10-03 19:06:24.069119197 +0300
Изменён:       2026-10-03 19:06:24.069119197 +0300
Создан:        2026-09-13 14:03:29.247467475 +0300
  Файл: /home/user1/mycatsetuid
  Размер: 36568     	Блоков: 72         Блок В/В: 4096   обычный файл
Устройство: 8/5	Инода: 1305605     Ссылки: 1
Доступ: (4755/-rwsr-xr-x)  Uid: (    0/    root)   Gid: (    0/    root)
Контекст: unconfined_u:object_r:user_home_t:s0
Доступ:        2026-10-03 19:03:04.017712504 +0300
Модифицирован: 2026-09-13 14:10:48.830849168 +0300
Изменён:       2026-09-13 14:11:08.221935013 +0300
Создан:        2026-09-13 14:10:48.830849168 +0300
  Файл: /home/user1/mychowncap
  Размер: 65840     	Блоков: 144        Блок В/В: 4096   обычный файл
Устройство: 8/5	Инода: 1305607     Ссылки: 1
Доступ: (0755/-rwxr-xr-x)  Uid: (    0/    root)   Gid: (    0/    root)
Контекст: unconfined_u:object_r:user_home_t:s0
Доступ:        2026-10-03 19:04:20.775479567 +0300
Модифицирован: 2026-09-13 14:12:28.753135178 +0300
Изменён:       2026-10-03 19:04:58.161512414 +0300
Создан:        2026-09-13 14:12:28.752135178 +0300
